2026-09-27 18:44:42,916 - INFO - ======================================================================
2026-09-27 18:44:42,916 - INFO - FASE 1: DIAGNÓSTICO DO FUNIL DE CRÉDITO & TRATAMENTO DE DADOS
2026-09-27 18:44:42,916 - INFO - ======================================================================
2026-09-27 18:44:42,916 - INFO - Iniciando leitura do arquivo de propostas: propostas_credito.csv
2026-09-27 18:44:42,937 - INFO - Volume bruto original carregado: 6400 propostas.
2026-09-27 18:44:42,942 - WARNING - [TRATAMENTO - FORMATAÇÃO] 3 linhas com prefixo 'R$' em 'valor_imovel' detectadas e higienizadas (IDs: ['PR-000705', 'PR-002801', 'PR-006000']).
2026-09-27 18:44:42,956 - INFO - [REMOÇÃO - REGRA DE NEGÓCIO] 535 propostas com tipo_imovel = 'Terreno' descartadas (garantia inelegível na política de Home Equity).
2026-09-27 18:44:42,959 - INFO - [REMOÇÃO - POLÍTICA DE RISCO] 904 propostas com LTV > 60% expurgadas (mitigação mandatória contra risco de inadimplência).
2026-09-27 18:44:42,960 - WARNING - [REMOÇÃO - COMPLIANCE REGULATÓRIO] 1 lead(s) com idade < 18 anos removido(s) (ID: ['PR-000079'], Idade: [14] anos - falta de capacidade civil para alienação fiduciária).
2026-09-27 18:44:42,961 - INFO - [TRATAMENTO - PADRONIZAÇÃO] Datas com formatos mistos (DD/MM/YYYY) convertidas para padrão ISO (YYYY-MM-DD).
2026-09-27 18:44:42,964 - INFO - [TRATAMENTO - PADRONIZAÇÃO] Canais de origem normalizados (remoção de espaços invisíveis e capitalização uniforme).
2026-09-27 18:44:42,967 - INFO - ===> Base higienizada com sucesso: 4960 propostas válidas restantes para análise (1440 removidas no total).

2026-09-27 18:44:42,975 - INFO - ======================================================================
2026-09-27 18:44:42,975 - INFO - DIAGNÓSTICO 1: PERDA FINANCEIRA ACUMULADA POR ETAPA DO FUNIL
2026-09-27 18:44:42,975 - INFO - ======================================================================
2026-09-27 18:44:42,975 - INFO - Etapa 1: 203 propostas perdidas | R$ 70,864,200.09 (4.94% do total evadido)
2026-09-27 18:44:42,975 - INFO - Etapa 2: 733 propostas perdidas | R$ 259,460,628.41 (18.09% do total evadido)
2026-09-27 18:44:42,975 - INFO - Etapa 3: 1383 propostas perdidas | R$ 507,526,367.70 (35.38% do total evadido) [MAIOR GARGALO CRÍTICO DA OPERAÇÃO]
2026-09-27 18:44:42,975 - INFO - Etapa 4: 969 propostas perdidas | R$ 356,091,299.47 (24.82% do total evadido)
2026-09-27 18:44:42,976 - INFO - Etapa 5: 653 propostas perdidas | R$ 240,503,127.91 (16.77% do total evadido)
2026-09-27 18:44:42,976 - INFO - Total Geral Evadido do Funil: R$ 1,434,445,623.58

2026-09-27 18:44:42,976 - INFO - ======================================================================
2026-09-27 18:44:42,976 - INFO - DIAGNÓSTICO 2: AUDITORIA DAS PERCEPÇÕES DA DIRETORIA
2026-09-27 18:44:42,976 - INFO - ======================================================================
2026-09-27 18:44:42,982 - INFO - [Hipótese 1: A taxa de conversão caiu ao longo de 2025? -> CONFIRMADO]
2026-09-27 18:44:42,982 - INFO -   Mês 2025-05: 312 leads | 70 contratados | Conversão: 22.44%
2026-09-27 18:44:42,982 - INFO -   Mês 2025-06: 292 leads | 63 contratados | Conversão: 21.58%
2026-09-27 18:44:42,982 - INFO -   Mês 2025-07: 238 leads | 42 contratados | Conversão: 17.65%
2026-09-27 18:44:42,983 - INFO -   Mês 2025-08: 198 leads | 35 contratados | Conversão: 17.68%
2026-09-27 18:44:42,983 - INFO -   Mês 2025-09: 131 leads | 23 contratados | Conversão: 17.56%
2026-09-27 18:44:42,983 - INFO -   Mês 2025-10: 106 leads | 19 contratados | Conversão: 17.92%
2026-09-27 18:44:42,983 - INFO -   Mês 2025-11: 55 leads | 7 contratados | Conversão: 12.73%
2026-09-27 18:44:42,983 - INFO -   Mês 2025-12: 25 leads | 8 contratados | Conversão: 32.00%
2026-09-27 18:44:42,989 - INFO - 
[Hipótese 2: O canal Correspondentes performa mal? -> CONFIRMADO & CRÍTICO]
2026-09-27 18:44:42,989 - INFO -   Canal Parceria       :  763 leads | 183 contratados | Conversão: 23.98%
2026-09-27 18:44:42,989 - INFO -   Canal Indicação      :  766 leads | 180 contratados | Conversão: 23.50%
2026-09-27 18:44:42,989 - INFO -   Canal Mídia paga     :  994 leads | 220 contratados | Conversão: 22.13%
2026-09-27 18:44:42,990 - INFO -   Canal Organico       : 1050 leads | 225 contratados | Conversão: 21.43%
2026-09-27 18:44:42,990 - INFO -   Canal Correspondente : 1387 leads | 210 contratados | Conversão: 15.14% [PIOR CANAL DA OPERAÇÃO]
2026-09-27 18:44:42,990 - INFO - 
[Hipótese 3: Política de Crédito de LTV Máximo de 60% -> CONFIRMADA EM RISCO & REFINADA EM OPERAÇÃO]
2026-09-27 18:44:42,990 - INFO -   - Diagnóstico de Risco: Propostas com LTV > 60% convertem apenas 12,6% (vs 22,7% na faixa ótima de 35% a 50%), confirmando o risco.
2026-09-27 18:44:42,990 - INFO -   - Diagnóstico de Operação: 981 propostas (15,3% da base bruta) entraram no funil furando a política de 60%;
2026-09-27 18:44:42,990 - INFO -     203 propostas avançaram até a Etapa 4, gerando custos de laudos periciais de engenharia para operações inelegíveis.
2026-09-27 18:44:42,990 - INFO -   - Diretriz Executiva: A política de 60% é assertiva em risco (Lei 9.514/1997 e deságio de leilão), mas exige
2026-09-27 18:44:42,990 - INFO -     trava sistêmica mandatória na Etapa 1 (Simulação) e direcionamento comercial para o Sweet Spot (35% a 50% de LTV).

2026-09-27 18:44:42,990 - INFO - ======================================================================
2026-09-27 18:44:42,990 - INFO - DIAGNÓSTICO 3: FATORES DETERMINANTES DE CONVERSÃO & PLANO DE AÇÃO
2026-09-27 18:44:42,990 - INFO - ======================================================================
2026-09-27 18:44:42,992 - INFO - [Correlações Numéricas com a Conversão em Contrato]:
2026-09-27 18:44:42,992 - INFO -   Variável score_credito     : Correlação r = +0.176
2026-09-27 18:44:42,992 - INFO -   Variável ltvCalculated     : Correlação r = -0.026
2026-09-27 18:44:42,992 - INFO -   Variável valor_solicitado  : Correlação r = -0.027
2026-09-27 18:44:42,997 - INFO - 
[Impacto da Recorrência de Clientes]:
2026-09-27 18:44:42,998 - INFO -   Novo Cliente      : 4007 propostas | Conversão: 19.59%
2026-09-27 18:44:42,998 - INFO -   Cliente Recorrente:  953 propostas | Conversão: 24.45%
2026-09-27 18:44:42,998 - INFO - 
[Plano de Ação Estratégico Recomendado (Impacto: +R$ 56,9 Milhões)]:
2026-09-27 18:44:42,998 - INFO -   1. Trava de Score em Correspondentes (Corte 690): +R$ 30,4M (+87 contratos)
2026-09-27 18:44:42,998 - INFO -   2. Esteira Fast-Track para Recorrentes:           +R$ 16,3M (+47 contratos)
2026-09-27 18:44:42,998 - INFO -   3. Realocação Geográfica de Mídia (CO/MG):        +R$ 10,2M (+29 contratos)
2026-09-27 18:44:42,998 - INFO - ======================================================================

2026-09-27 18:44:43,418 - INFO - ======================================================================
2026-09-27 18:44:43,419 - INFO - FASE 2: ROTINA SEMANAL RPA & GERAÇÃO DE RELATÓRIO EXECUTIVO
2026-09-27 18:44:43,419 - INFO - ======================================================================
2026-09-27 18:44:43,419 - INFO - Iniciando leitura do arquivo semanal: propostas_credito.csv
2026-09-27 18:44:43,440 - INFO - Leitura concluída. 6400 registros originais encontrados.
2026-09-27 18:44:43,440 - INFO - Iniciando esteira de transformação de dados...
2026-09-27 18:44:43,513 - WARNING - [ALERTA DE FORMATAÇÃO] Data '11/04/2025' modificada para '2025-04-11' (ID: PR-000151)
2026-09-27 18:44:43,514 - WARNING - [ALERTA DE FORMATAÇÃO] Data '20/04/2025' modificada para '2025-04-20' (ID: PR-000152)
2026-09-27 18:44:43,515 - WARNING - [ALERTA DE FORMATAÇÃO] Data '07/12/2024' modificada para '2024-12-07' (ID: PR-000153)
2026-09-27 18:44:45,546 - INFO - Limpeza de LTV > 60% (ou dados nulos): 981 propostas removidas da apuração.
2026-09-27 18:44:45,549 - INFO - Limpeza de Terrenos: 458 descartados.
2026-09-27 18:44:45,551 - INFO - Limpeza de Compliance (Menores): 1 leads removidos.
2026-09-27 18:44:45,551 - INFO - Transformação concluída. 4960 registros válidos prontos.
2026-09-27 18:44:45,581 - INFO - Iniciando exportação do arquivo: /home/gabriel/Área de trabalho/Grupo.Bari/Relatorio_Lideranca.pdf (One-Pager Executivo de 1 Página)
2026-09-27 18:44:45,990 - INFO - Using categorical units to plot a list of strings that are all parsable as floats or dates. If these strings should be plotted as numbers, cast to the appropriate data type before plotting.
2026-09-27 18:44:45,991 - INFO - Using categorical units to plot a list of strings that are all parsable as floats or dates. If these strings should be plotted as numbers, cast to the appropriate data type before plotting.
2026-09-27 18:44:46,399 - INFO - Exportação do One-Pager Executivo (1 Página) finalizada com sucesso.
2026-09-27 18:44:46,721 - INFO - ======================================================================
2026-09-27 18:44:46,721 - INFO - FASE 3: EXTRAÇÃO INTELIGENTE DE LAUDOS (NLP & IA)
2026-09-27 18:44:46,721 - INFO - ======================================================================
2026-09-27 18:44:46,721 - INFO - Iniciando extração inteligente para 17 laudos...

2026-09-27 18:44:46,721 - INFO - 📄 Processando: laudo_01.txt...
2026-09-27 18:44:48,178 - INFO - ✅ laudo_01.txt concluído via [Gemini_API].
2026-09-27 18:44:51,179 - INFO - 📄 Processando: laudo_02.txt...
2026-09-27 18:44:52,377 - INFO - ✅ laudo_02.txt concluído via [Gemini_API].
2026-09-27 18:44:55,378 - INFO - 📄 Processando: laudo_03.txt...
2026-09-27 18:44:56,472 - INFO - ✅ laudo_03.txt concluído via [Gemini_API].
2026-09-27 18:44:59,474 - INFO - 📄 Processando: laudo_04.txt...
2026-09-27 18:45:00,569 - INFO - ✅ laudo_04.txt concluído via [Gemini_API].
2026-09-27 18:45:03,570 - INFO - 📄 Processando: laudo_05.txt...
2026-09-27 18:45:04,665 - INFO - ✅ laudo_05.txt concluído via [Gemini_API].
2026-09-27 18:45:07,665 - INFO - 📄 Processando: laudo_06.txt...
2026-09-27 18:45:08,761 - INFO - ✅ laudo_06.txt concluído via [Gemini_API].
2026-09-27 18:45:11,761 - INFO - 📄 Processando: laudo_07.txt...
2026-09-27 18:45:12,857 - INFO - ✅ laudo_07.txt concluído via [Gemini_API].
2026-09-27 18:45:15,858 - INFO - 📄 Processando: laudo_08.txt...
2026-09-27 18:45:17,982 - INFO - ✅ laudo_08.txt concluído via [Gemini_API].
2026-09-27 18:45:20,983 - INFO - 📄 Processando: laudo_09.txt...
2026-09-27 18:45:22,176 - INFO - ✅ laudo_09.txt concluído via [Gemini_API].
2026-09-27 18:45:25,177 - INFO - 📄 Processando: laudo_10.txt...
2026-09-27 18:45:26,580 - INFO - ✅ laudo_10.txt concluído via [Gemini_API].
2026-09-27 18:45:29,580 - INFO - 📄 Processando: laudo_11.txt...
2026-09-27 18:45:31,393 - INFO - ✅ laudo_11.txt concluído via [Gemini_API].
2026-09-27 18:45:34,394 - INFO - 📄 Processando: laudo_12.txt...
2026-09-27 18:45:35,491 - INFO - ✅ laudo_12.txt concluído via [Gemini_API].
2026-09-27 18:45:38,492 - INFO - 📄 Processando: laudo_13.txt...
2026-09-27 18:45:39,892 - INFO - ✅ laudo_13.txt concluído via [Gemini_API].
2026-09-27 18:45:42,893 - INFO - 📄 Processando: laudo_14.txt...
2026-09-27 18:45:44,127 - INFO - ✅ laudo_14.txt concluído via [Gemini_API].
2026-09-27 18:45:47,128 - INFO - 📄 Processando: laudo_15.txt...
2026-09-27 18:45:48,186 - INFO - ✅ laudo_15.txt concluído via [Gemini_API].
2026-09-27 18:45:51,187 - INFO - 📄 Processando: laudo_16.txt...
2026-09-27 18:45:52,283 - INFO - ✅ laudo_16.txt concluído via [Gemini_API].
2026-09-27 18:45:55,283 - INFO - 📄 Processando: laudo_17.txt...
2026-09-27 18:45:56,379 - INFO - ✅ laudo_17.txt concluído via [Gemini_API].
2026-09-27 18:45:59,380 - INFO - 
📁 Todos os 17 laudos foram salvos com sucesso em '/home/gabriel/Área de trabalho/Grupo.Bari/laudos_extraidos.json'.
2026-09-27 18:45:59,380 - INFO - 
============================================================
2026-09-27 18:45:59,380 - INFO - AVALIAÇÃO DE QUALIDADE: GABARITO HUMANO (Ground Truth)
2026-09-27 18:45:59,380 - INFO - ============================================================
2026-09-27 18:45:59,381 - INFO - 
📄 laudo_01.txt (Origem: Gemini_API):
2026-09-27 18:45:59,381 - INFO -   ✅ tipo_imovel: 'apartamento'
2026-09-27 18:45:59,381 - INFO -   ✅ endereco: 'Rua das Acácias, 145, ap. 82 - Vila Mariana, São Paulo/SP'
2026-09-27 18:45:59,381 - INFO -   ✅ ano_construcao: '2014'
2026-09-27 18:45:59,381 - INFO -   ✅ valor_avaliacao: '642000.0'
2026-09-27 18:45:59,381 - INFO -   ✅ matricula: '184.772 do 14º CRI de São Paulo'
2026-09-27 18:45:59,381 - INFO -   ✅ data_vistoria: '2025-03-12'
2026-09-27 18:45:59,381 - INFO - 
📄 laudo_07.txt (Origem: Gemini_API):
2026-09-27 18:45:59,381 - INFO -   ✅ tipo_imovel: 'casa'
2026-09-27 18:45:59,382 - INFO -   ✅ endereco: 'Rua Azul, 33, bairro Jardim Europa, Porto Alegre - RS'
2026-09-27 18:45:59,382 - INFO -   ✅ ano_construcao: '2011'
2026-09-27 18:45:59,382 - INFO -   ✅ valor_avaliacao: '372000.0'
2026-09-27 18:45:59,382 - INFO -   ✅ data_vistoria: '2025-04-20'
2026-09-27 18:45:59,382 - INFO - 
📄 laudo_17.txt (Origem: Gemini_API):
2026-09-27 18:45:59,382 - INFO -   ✅ tipo_imovel: 'apartamento'
2026-09-27 18:45:59,382 - INFO -   ✅ endereco: 'Rua Harmonia, 44, Vila Madalena, São Paulo/SP'
2026-09-27 18:45:59,382 - INFO -   ✅ ano_construcao: '2015'
2026-09-27 18:45:59,382 - INFO -   ✅ valor_avaliacao: '610000.0'
2026-09-27 18:45:59,383 - INFO -   ✅ data_vistoria: '2025-06-25'
2026-09-27 18:45:59,383 - INFO -   ✅ areas: 'CONTRADIÇÃO DETECTADA - verificar manualmente'
2026-09-27 18:45:59,383 - INFO - 
============================================================
2026-09-27 18:45:59,383 - INFO - ACURÁCIA GERAL: 17/17 campos corretos = 100.0%
2026-09-27 18:45:59,383 - INFO - ============================================================

